// Jest Snapshot v1, https://goo.gl/fbAQLP

exports[`Test Feed component Match its snapshot 1`] = `
<Feed
  inputText=""
  onChangeText={[Function]}
  onSubmit={[Function]}
  posts={Array []}
/>
`;
